[debug] [2026-05-25T09:11:12.716Z] ----------------------------------------------------------------------
[debug] [2026-05-25T09:11:12.719Z] Command:       C:\nvm4w\nodejs\node.exe C:\nvm4w\nodejs\node_modules\firebase-tools\lib\bin\firebase.js emulators:start
[debug] [2026-05-25T09:11:12.719Z] CLI Version:   15.18.0
[debug] [2026-05-25T09:11:12.719Z] Platform:      win32
[debug] [2026-05-25T09:11:12.719Z] Node Version:  v22.12.0
[debug] [2026-05-25T09:11:12.719Z] Time:          Mon May 25 2026 11:11:12 GMT+0200 (Srednjeevropski poletni čas)
[debug] [2026-05-25T09:11:12.719Z] ----------------------------------------------------------------------
[debug] 
[debug] [2026-05-25T09:11:13.884Z] > command requires scopes: ["email","openid","https://www.googleapis.com/auth/cloudplatformprojects.readonly","https://www.googleapis.com/auth/firebase","https://www.googleapis.com/auth/cloud-platform"]
[debug] [2026-05-25T09:11:13.884Z] > authorizing via signed-in user (ana.cvetko2005@gmail.com)
[info] i  emulators: Starting emulators: functions, extensions {"metadata":{"emulator":{"name":"hub"},"message":"Starting emulators: functions, extensions"}}
[debug] [2026-05-25T09:11:13.888Z] Checked if tokens are valid: true, expires at: 1779703353952
[debug] [2026-05-25T09:11:13.888Z] Checked if tokens are valid: true, expires at: 1779703353952
[debug] [2026-05-25T09:11:13.889Z] >>> [apiv2][query] GET https://cloudresourcemanager.googleapis.com/v1/projects/mindmend-a8839 [none]
[debug] [2026-05-25T09:11:14.847Z] <<< [apiv2][status] GET https://cloudresourcemanager.googleapis.com/v1/projects/mindmend-a8839 200
[debug] [2026-05-25T09:11:14.847Z] <<< [apiv2][body] GET https://cloudresourcemanager.googleapis.com/v1/projects/mindmend-a8839 {"projectNumber":"163326676496","projectId":"mindmend-a8839","lifecycleState":"ACTIVE","name":"MindMend","labels":{"firebase":"enabled","firebase-core":"disabled"},"createTime":"2026-05-13T09:53:57.691Z"}
[debug] [2026-05-25T09:11:14.855Z] [logging] Logging Emulator only supports listening on one address (127.0.0.1). Not listening on ::1
[debug] [2026-05-25T09:11:14.855Z] assigned listening specs for emulators {"user":{"hub":[{"address":"127.0.0.1","family":"IPv4","port":4400},{"address":"::1","family":"IPv6","port":4400}],"ui":[{"address":"127.0.0.1","family":"IPv4","port":4000},{"address":"::1","family":"IPv6","port":4000}],"logging":[{"address":"127.0.0.1","family":"IPv4","port":4500}]},"metadata":{"message":"assigned listening specs for emulators"}}
[debug] [2026-05-25T09:11:14.859Z] Write emulator hub locator at C:\Users\anacv\AppData\Local\Temp\hub-mindmend-a8839.json
[debug] [2026-05-25T09:11:14.866Z] [Extensions] Started Extensions emulator, this is a noop.
[debug] [2026-05-25T09:11:14.871Z] [functions] Functions Emulator only supports listening on one address (127.0.0.1). Not listening on ::1
[debug] [2026-05-25T09:11:14.871Z] [eventarc] Eventarc Emulator only supports listening on one address (127.0.0.1). Not listening on ::1
[debug] [2026-05-25T09:11:14.871Z] [tasks] Cloud Tasks Emulator only supports listening on one address (127.0.0.1). Not listening on ::1
[debug] [2026-05-25T09:11:14.871Z] late-assigned ports for functions and eventarc emulators {"user":{"hub":[{"address":"127.0.0.1","family":"IPv4","port":4400},{"address":"::1","family":"IPv6","port":4400}],"ui":[{"address":"127.0.0.1","family":"IPv4","port":4000},{"address":"::1","family":"IPv6","port":4000}],"logging":[{"address":"127.0.0.1","family":"IPv4","port":4500}],"functions":[{"address":"127.0.0.1","family":"IPv4","port":5001}],"eventarc":[{"address":"127.0.0.1","family":"IPv4","port":9299}],"tasks":[{"address":"127.0.0.1","family":"IPv4","port":9499}]},"metadata":{"message":"late-assigned ports for functions and eventarc emulators"}}
[warn] !  functions: The following emulators are not running, calls to these services from the Functions emulator will affect production: apphosting, auth, firestore, database, hosting, pubsub, storage, dataconnect {"metadata":{"emulator":{"name":"functions"},"message":"The following emulators are not running, calls to these services from the Functions emulator will affect production: \u001b[1mapphosting, auth, firestore, database, hosting, pubsub, storage, dataconnect\u001b[22m"}}
[debug] [2026-05-25T09:11:14.887Z] defaultcredentials: writing to file C:\Users\anacv\AppData\Roaming\firebase\ana_cvetko2005_gmail.com_application_default_credentials.json
[debug] [2026-05-25T09:11:14.889Z] Setting GAC to C:\Users\anacv\AppData\Roaming\firebase\ana_cvetko2005_gmail.com_application_default_credentials.json {"metadata":{"emulator":{"name":"functions"},"message":"Setting GAC to C:\\Users\\anacv\\AppData\\Roaming\\firebase\\ana_cvetko2005_gmail.com_application_default_credentials.json"}}
[debug] [2026-05-25T09:11:14.889Z] Checked if tokens are valid: true, expires at: 1779703353952
[debug] [2026-05-25T09:11:14.890Z] Checked if tokens are valid: true, expires at: 1779703353952
[debug] [2026-05-25T09:11:14.890Z] >>> [apiv2][query] GET https://firebase.googleapis.com/v1beta1/projects/mindmend-a8839/adminSdkConfig [none]
[debug] [2026-05-25T09:11:15.533Z] <<< [apiv2][status] GET https://firebase.googleapis.com/v1beta1/projects/mindmend-a8839/adminSdkConfig 200
[debug] [2026-05-25T09:11:15.533Z] <<< [apiv2][body] GET https://firebase.googleapis.com/v1beta1/projects/mindmend-a8839/adminSdkConfig {"projectId":"mindmend-a8839","storageBucket":"mindmend-a8839.firebasestorage.app"}
[debug] [2026-05-25T09:11:15.554Z] [Extensions] Connecting Extensions emulator, this is a noop.
[info] i  functions: Watching "C:\Users\anacv\OneDrive\Dokumenti\Faks\2. letnik\Praktikum\mind-mend\functions" for Cloud Functions... {"metadata":{"emulator":{"name":"functions"},"message":"Watching \"C:\\Users\\anacv\\OneDrive\\Dokumenti\\Faks\\2. letnik\\Praktikum\\mind-mend\\functions\" for Cloud Functions..."}}
[debug] [2026-05-25T09:11:15.556Z] Validating nodejs source
[debug] [2026-05-25T09:11:17.194Z] > [functions] package.json contents: {
  "name": "functions",
  "scripts": {
    "lint": "eslint --ext .js,.ts .",
    "build": "tsc",
    "build:watch": "tsc --watch",
    "serve": "npm run build && firebase emulators:start --only functions",
    "shell": "npm run build && firebase functions:shell",
    "start": "npm run shell",
    "deploy": "firebase deploy --only functions",
    "logs": "firebase functions:log"
  },
  "engines": {
    "node": "24"
  },
  "main": "lib/index.js",
  "dependencies": {
    "cors": "^2.8.6",
    "firebase-admin": "^13.6.0",
    "firebase-functions": "^7.0.0",
    "stripe": "^22.1.1"
  },
  "devDependencies": {
    "@typescript-eslint/eslint-plugin": "^5.12.0",
    "@typescript-eslint/parser": "^5.12.0",
    "eslint": "^8.9.0",
    "eslint-config-google": "^0.14.0",
    "eslint-plugin-import": "^2.25.4",
    "firebase-functions-test": "^3.4.1",
    "typescript": "^6.0.0"
  },
  "private": true
}
[debug] [2026-05-25T09:11:17.194Z] Building nodejs source
[debug] [2026-05-25T09:11:17.195Z] Failed to find version of module node: reached end of search path C:\Users\anacv\OneDrive\Dokumenti\Faks\2. letnik\Praktikum\mind-mend\functions\node_modules
[warn] !  functions: Your requested "node" version "24" doesn't match your global version "22". Using node@22 from host. 
[info] i  functions: Loaded environment variables from .env. 
[debug] [2026-05-25T09:11:17.198Z] Could not find functions.yaml. Must use http discovery
[debug] [2026-05-25T09:11:17.203Z] Found firebase-functions binary at 'C:\Users\anacv\OneDrive\Dokumenti\Faks\2. letnik\Praktikum\mind-mend\functions\node_modules\.bin\firebase-functions'
[info] Serving at port 8933

[debug] [2026-05-25T09:11:18.044Z] Got response from /__/functions.yaml {"endpoints":{"createPaymentIntent":{"availableMemoryMb":null,"timeoutSeconds":null,"minInstances":null,"maxInstances":null,"ingressSettings":null,"concurrency":null,"serviceAccountEmail":null,"vpc":null,"platform":"gcfv2","labels":{},"httpsTrigger":{},"entryPoint":"createPaymentIntent"}},"specVersion":"v1alpha1","requiredAPIs":[],"extensions":{}}
[debug] [2026-05-25T09:11:22.081Z] defaultcredentials: writing to file C:\Users\anacv\AppData\Roaming\firebase\ana_cvetko2005_gmail.com_application_default_credentials.json
[debug] [2026-05-25T09:11:22.083Z] Setting GAC to C:\Users\anacv\AppData\Roaming\firebase\ana_cvetko2005_gmail.com_application_default_credentials.json {"metadata":{"emulator":{"name":"functions"},"message":"Setting GAC to C:\\Users\\anacv\\AppData\\Roaming\\firebase\\ana_cvetko2005_gmail.com_application_default_credentials.json"}}
[info] +  functions: Loaded functions definitions from source: createPaymentIntent. {"metadata":{"emulator":{"name":"functions"},"message":"Loaded functions definitions from source: createPaymentIntent."}}
[info] +  functions[us-central1-createPaymentIntent]: http function initialized (http://127.0.0.1:5001/mindmend-a8839/us-central1/createPaymentIntent). {"metadata":{"emulator":{"name":"functions"},"message":"\u001b[1mhttp\u001b[22m function initialized (http://127.0.0.1:5001/mindmend-a8839/us-central1/createPaymentIntent)."}}
[debug] [2026-05-25T09:11:22.090Z] Could not find VSCode notification endpoint: FetchError: request to http://localhost:40001/vscode/notify failed, reason: connect ECONNREFUSED ::1:40001. If you are not running the Firebase SQL Connect VSCode extension, this is expected and not an issue.
[info] 
┌─────────────────────────────────────────────────────────────┐
│ ✔  All emulators ready! It is now safe to connect your app. │
│ i  View Emulator UI at http://127.0.0.1:4000/               │
└─────────────────────────────────────────────────────────────┘

┌────────────┬────────────────┬──────────────────────────────────┐
│ Emulator   │ Host:Port      │ View in Emulator UI              │
├────────────┼────────────────┼──────────────────────────────────┤
│ Functions  │ 127.0.0.1:5001 │ http://127.0.0.1:4000/functions  │
├────────────┼────────────────┼──────────────────────────────────┤
│ Extensions │ 127.0.0.1:5001 │ http://127.0.0.1:4000/extensions │
└────────────┴────────────────┴──────────────────────────────────┘
  Emulator Hub host: 127.0.0.1 port: 4400
  Other reserved ports: 4500
┌─────────────────────────┬───────────────┬─────────────────────┐
│ Extension Instance Name │ Extension Ref │ View in Emulator UI │
└─────────────────────────┴───────────────┴─────────────────────┘
Issues? Report them at https://github.com/firebase/firebase-tools/issues and attach the *-debug.log files.
 
[debug] [2026-05-25T09:11:27.868Z] File C:\Users\anacv\OneDrive\Dokumenti\Faks\2. letnik\Praktikum\mind-mend\functions\lib\index.js.map changed, reloading triggers {"metadata":{"emulator":{"name":"functions"},"message":"File C:\\Users\\anacv\\OneDrive\\Dokumenti\\Faks\\2. letnik\\Praktikum\\mind-mend\\functions\\lib\\index.js.map changed, reloading triggers"}}
[debug] [2026-05-25T09:11:28.871Z] Validating nodejs source
[debug] [2026-05-25T09:11:30.414Z] > [functions] package.json contents: {
  "name": "functions",
  "scripts": {
    "lint": "eslint --ext .js,.ts .",
    "build": "tsc",
    "build:watch": "tsc --watch",
    "serve": "npm run build && firebase emulators:start --only functions",
    "shell": "npm run build && firebase functions:shell",
    "start": "npm run shell",
    "deploy": "firebase deploy --only functions",
    "logs": "firebase functions:log"
  },
  "engines": {
    "node": "24"
  },
  "main": "lib/index.js",
  "dependencies": {
    "cors": "^2.8.6",
    "firebase-admin": "^13.6.0",
    "firebase-functions": "^7.0.0",
    "stripe": "^22.1.1"
  },
  "devDependencies": {
    "@typescript-eslint/eslint-plugin": "^5.12.0",
    "@typescript-eslint/parser": "^5.12.0",
    "eslint": "^8.9.0",
    "eslint-config-google": "^0.14.0",
    "eslint-plugin-import": "^2.25.4",
    "firebase-functions-test": "^3.4.1",
    "typescript": "^6.0.0"
  },
  "private": true
}
[debug] [2026-05-25T09:11:30.414Z] Building nodejs source
[debug] [2026-05-25T09:11:30.414Z] Failed to find version of module node: reached end of search path C:\Users\anacv\OneDrive\Dokumenti\Faks\2. letnik\Praktikum\mind-mend\functions\node_modules
[warn] !  functions: Your requested "node" version "24" doesn't match your global version "22". Using node@22 from host. 
[info] i  functions: Loaded environment variables from .env. 
[debug] [2026-05-25T09:11:30.417Z] Could not find functions.yaml. Must use http discovery
[debug] [2026-05-25T09:11:30.425Z] Found firebase-functions binary at 'C:\Users\anacv\OneDrive\Dokumenti\Faks\2. letnik\Praktikum\mind-mend\functions\node_modules\.bin\firebase-functions'
[info] Serving at port 8803

[debug] [2026-05-25T09:11:31.421Z] Got response from /__/functions.yaml {"endpoints":{"createPaymentIntent":{"availableMemoryMb":null,"timeoutSeconds":null,"minInstances":null,"maxInstances":null,"ingressSettings":null,"concurrency":null,"serviceAccountEmail":null,"vpc":null,"platform":"gcfv2","labels":{},"httpsTrigger":{},"entryPoint":"createPaymentIntent"}},"specVersion":"v1alpha1","requiredAPIs":[],"extensions":{}}
[debug] [2026-05-25T09:11:35.451Z] defaultcredentials: writing to file C:\Users\anacv\AppData\Roaming\firebase\ana_cvetko2005_gmail.com_application_default_credentials.json
[debug] [2026-05-25T09:11:35.452Z] Setting GAC to C:\Users\anacv\AppData\Roaming\firebase\ana_cvetko2005_gmail.com_application_default_credentials.json {"metadata":{"emulator":{"name":"functions"},"message":"Setting GAC to C:\\Users\\anacv\\AppData\\Roaming\\firebase\\ana_cvetko2005_gmail.com_application_default_credentials.json"}}
[info] +  functions: Loaded functions definitions from source: createPaymentIntent. {"metadata":{"emulator":{"name":"functions"},"message":"Loaded functions definitions from source: createPaymentIntent."}}
[debug] [2026-05-25T09:22:08.215Z] [work-queue] {"queuedWork":["/mindmend-a8839/us-central1/createPaymentIntent-2026-05-25T09:22:08.214Z"],"queueLength":1,"runningWork":[],"workRunningCount":0}
[debug] [2026-05-25T09:22:08.215Z] [work-queue] {"queuedWork":[],"queueLength":0,"runningWork":["/mindmend-a8839/us-central1/createPaymentIntent-2026-05-25T09:22:08.214Z"],"workRunningCount":1}
[debug] [2026-05-25T09:22:08.215Z] Accepted request OPTIONS /mindmend-a8839/us-central1/createPaymentIntent --> us-central1-createPaymentIntent
[debug] [2026-05-25T09:22:08.218Z] [functions] Runtime ready! Sending request! {"metadata":{"emulator":{"name":"functions"},"message":"[functions] Runtime ready! Sending request!"}}
[debug] [2026-05-25T09:22:08.219Z] [functions] Got req.url=/mindmend-a8839/us-central1/createPaymentIntent, mapping to path=/ {"metadata":{"emulator":{"name":"functions"},"message":"[functions] Got req.url=/mindmend-a8839/us-central1/createPaymentIntent, mapping to path=/"}}
[info] i  functions: Loaded environment variables from .env. 
[debug] [2026-05-25T09:22:08.634Z] [worker-pool] addWorker(us-central1-createPaymentIntent) {"metadata":{"emulator":{"name":"functions"},"message":"[worker-pool] addWorker(us-central1-createPaymentIntent)"}}
[debug] [2026-05-25T09:22:08.635Z] [worker-pool] Adding worker with key us-central1-createPaymentIntent, total=1 {"metadata":{"emulator":{"name":"functions"},"message":"[worker-pool] Adding worker with key us-central1-createPaymentIntent, total=1"}}
[info] >  (node:35540) [DEP0040] DeprecationWarning: The `punycode` module is deprecated. Please use a userland alternative instead. {"user":"(node:35540) [DEP0040] DeprecationWarning: The `punycode` module is deprecated. Please use a userland alternative instead.","metadata":{"emulator":{"name":"functions"},"function":{"name":"us-central1-createPaymentIntent"},"extension":{},"message":"\u001b[90m> \u001b[39m (node:35540) [DEP0040] DeprecationWarning: The `punycode` module is deprecated. Please use a userland alternative instead."}}
[info] >  (Use `node --trace-deprecation ...` to show where the warning was created) {"user":"(Use `node --trace-deprecation ...` to show where the warning was created)","metadata":{"emulator":{"name":"functions"},"function":{"name":"us-central1-createPaymentIntent"},"extension":{},"message":"\u001b[90m> \u001b[39m (Use `node --trace-deprecation ...` to show where the warning was created)"}}
[debug] [2026-05-25T09:22:09.521Z] [runtime-status] [35540] Resolved module firebase-admin {"declared":true,"installed":true,"version":"13.10.0","resolution":"C:\\Users\\anacv\\OneDrive\\Dokumenti\\Faks\\2. letnik\\Praktikum\\mind-mend\\functions\\node_modules\\firebase-admin\\lib\\index.js"} {"metadata":{"emulator":{"name":"functions"},"function":{"name":"us-central1-createPaymentIntent"},"extension":{},"message":"[runtime-status] [35540] Resolved module firebase-admin {\"declared\":true,\"installed\":true,\"version\":\"13.10.0\",\"resolution\":\"C:\\\\Users\\\\anacv\\\\OneDrive\\\\Dokumenti\\\\Faks\\\\2. letnik\\\\Praktikum\\\\mind-mend\\\\functions\\\\node_modules\\\\firebase-admin\\\\lib\\\\index.js\"}"}}
[debug] [2026-05-25T09:22:09.521Z] [runtime-status] [35540] Resolved module firebase-functions {"declared":true,"installed":true,"version":"7.2.5","resolution":"C:\\Users\\anacv\\OneDrive\\Dokumenti\\Faks\\2. letnik\\Praktikum\\mind-mend\\functions\\node_modules\\firebase-functions\\lib\\v2\\index.js"} {"metadata":{"emulator":{"name":"functions"},"function":{"name":"us-central1-createPaymentIntent"},"extension":{},"message":"[runtime-status] [35540] Resolved module firebase-functions {\"declared\":true,\"installed\":true,\"version\":\"7.2.5\",\"resolution\":\"C:\\\\Users\\\\anacv\\\\OneDrive\\\\Dokumenti\\\\Faks\\\\2. letnik\\\\Praktikum\\\\mind-mend\\\\functions\\\\node_modules\\\\firebase-functions\\\\lib\\\\v2\\\\index.js\"}"}}
[debug] [2026-05-25T09:22:09.522Z] [runtime-status] [35540] Outgoing network have been stubbed. [{"name":"http","status":"mocked"},{"name":"http","status":"mocked"},{"name":"https","status":"mocked"},{"name":"https","status":"mocked"},{"name":"net","status":"mocked"}] {"metadata":{"emulator":{"name":"functions"},"function":{"name":"us-central1-createPaymentIntent"},"extension":{},"message":"[runtime-status] [35540] Outgoing network have been stubbed. [{\"name\":\"http\",\"status\":\"mocked\"},{\"name\":\"http\",\"status\":\"mocked\"},{\"name\":\"https\",\"status\":\"mocked\"},{\"name\":\"https\",\"status\":\"mocked\"},{\"name\":\"net\",\"status\":\"mocked\"}]"}}
[debug] [2026-05-25T09:22:09.522Z] [runtime-status] [35540] Resolved module firebase-functions {"declared":true,"installed":true,"version":"7.2.5","resolution":"C:\\Users\\anacv\\OneDrive\\Dokumenti\\Faks\\2. letnik\\Praktikum\\mind-mend\\functions\\node_modules\\firebase-functions\\lib\\v2\\index.js"} {"metadata":{"emulator":{"name":"functions"},"function":{"name":"us-central1-createPaymentIntent"},"extension":{},"message":"[runtime-status] [35540] Resolved module firebase-functions {\"declared\":true,\"installed\":true,\"version\":\"7.2.5\",\"resolution\":\"C:\\\\Users\\\\anacv\\\\OneDrive\\\\Dokumenti\\\\Faks\\\\2. letnik\\\\Praktikum\\\\mind-mend\\\\functions\\\\node_modules\\\\firebase-functions\\\\lib\\\\v2\\\\index.js\"}"}}
[debug] [2026-05-25T09:22:09.522Z] [runtime-status] [35540] Detected firebase-functions v7+, skipping legacy stubs. {"metadata":{"emulator":{"name":"functions"},"function":{"name":"us-central1-createPaymentIntent"},"extension":{},"message":"[runtime-status] [35540] Detected firebase-functions v7+, skipping legacy stubs."}}
[debug] [2026-05-25T09:22:09.524Z] [runtime-status] [35540] Resolved module firebase-admin {"declared":true,"installed":true,"version":"13.10.0","resolution":"C:\\Users\\anacv\\OneDrive\\Dokumenti\\Faks\\2. letnik\\Praktikum\\mind-mend\\functions\\node_modules\\firebase-admin\\lib\\index.js"} {"metadata":{"emulator":{"name":"functions"},"function":{"name":"us-central1-createPaymentIntent"},"extension":{},"message":"[runtime-status] [35540] Resolved module firebase-admin {\"declared\":true,\"installed\":true,\"version\":\"13.10.0\",\"resolution\":\"C:\\\\Users\\\\anacv\\\\OneDrive\\\\Dokumenti\\\\Faks\\\\2. letnik\\\\Praktikum\\\\mind-mend\\\\functions\\\\node_modules\\\\firebase-admin\\\\lib\\\\index.js\"}"}}
[debug] [2026-05-25T09:22:09.586Z] [runtime-status] [35540] Resolved module firebase-functions {"declared":true,"installed":true,"version":"7.2.5","resolution":"C:\\Users\\anacv\\OneDrive\\Dokumenti\\Faks\\2. letnik\\Praktikum\\mind-mend\\functions\\node_modules\\firebase-functions\\lib\\v2\\index.js"} {"metadata":{"emulator":{"name":"functions"},"function":{"name":"us-central1-createPaymentIntent"},"extension":{},"message":"[runtime-status] [35540] Resolved module firebase-functions {\"declared\":true,\"installed\":true,\"version\":\"7.2.5\",\"resolution\":\"C:\\\\Users\\\\anacv\\\\OneDrive\\\\Dokumenti\\\\Faks\\\\2. letnik\\\\Praktikum\\\\mind-mend\\\\functions\\\\node_modules\\\\firebase-functions\\\\lib\\\\v2\\\\index.js\"}"}}
[debug] [2026-05-25T09:22:09.961Z] [runtime-status] [35540] firebase-admin has been stubbed. {"adminResolution":{"declared":true,"installed":true,"version":"13.10.0","resolution":"C:\\Users\\anacv\\OneDrive\\Dokumenti\\Faks\\2. letnik\\Praktikum\\mind-mend\\functions\\node_modules\\firebase-admin\\lib\\index.js"}} {"metadata":{"emulator":{"name":"functions"},"function":{"name":"us-central1-createPaymentIntent"},"extension":{},"message":"[runtime-status] [35540] firebase-admin has been stubbed. {\"adminResolution\":{\"declared\":true,\"installed\":true,\"version\":\"13.10.0\",\"resolution\":\"C:\\\\Users\\\\anacv\\\\OneDrive\\\\Dokumenti\\\\Faks\\\\2. letnik\\\\Praktikum\\\\mind-mend\\\\functions\\\\node_modules\\\\firebase-admin\\\\lib\\\\index.js\"}}"}}
[debug] [2026-05-25T09:22:10.052Z] [runtime-status] [35540] initializeApp(DEFAULT) {"storageBucket":"mindmend-a8839.firebasestorage.app","projectId":"mindmend-a8839"} {"metadata":{"emulator":{"name":"functions"},"function":{"name":"us-central1-createPaymentIntent"},"extension":{},"message":"[runtime-status] [35540] initializeApp(DEFAULT) {\"storageBucket\":\"mindmend-a8839.firebasestorage.app\",\"projectId\":\"mindmend-a8839\"}"}}
[debug] [2026-05-25T09:22:10.056Z] [runtime-status] [35540] Functions runtime initialized. {"cwd":"C:\\Users\\anacv\\OneDrive\\Dokumenti\\Faks\\2. letnik\\Praktikum\\mind-mend\\functions","node_version":"22.12.0"} {"metadata":{"emulator":{"name":"functions"},"function":{"name":"us-central1-createPaymentIntent"},"extension":{},"message":"[runtime-status] [35540] Functions runtime initialized. {\"cwd\":\"C:\\\\Users\\\\anacv\\\\OneDrive\\\\Dokumenti\\\\Faks\\\\2. letnik\\\\Praktikum\\\\mind-mend\\\\functions\",\"node_version\":\"22.12.0\"}"}}
[debug] [2026-05-25T09:22:10.056Z] [runtime-status] [35540] Listening to port: \\?\pipe\fire_emu_890e94369b24f06c {"metadata":{"emulator":{"name":"functions"},"function":{"name":"us-central1-createPaymentIntent"},"extension":{},"message":"[runtime-status] [35540] Listening to port: \\\\?\\pipe\\fire_emu_890e94369b24f06c"}}
[debug] [2026-05-25T09:22:10.175Z] [worker-us-central1-createPaymentIntent-33f00ce5-9cc1-4a6f-a0ca-fc0bf0482364]: IDLE {"metadata":{"emulator":{"name":"functions"},"function":{"name":"us-central1-createPaymentIntent"},"extension":{},"message":"[worker-us-central1-createPaymentIntent-33f00ce5-9cc1-4a6f-a0ca-fc0bf0482364]: IDLE"}}
[debug] [2026-05-25T09:22:10.176Z] [worker-pool] submitRequest(triggerId=us-central1-createPaymentIntent) {"metadata":{"emulator":{"name":"functions"},"message":"[worker-pool] submitRequest(triggerId=us-central1-createPaymentIntent)"}}
[info] i  functions: Beginning execution of "us-central1-createPaymentIntent" {"metadata":{"emulator":{"name":"functions"},"function":{"name":"us-central1-createPaymentIntent"},"extension":{},"message":"Beginning execution of \"us-central1-createPaymentIntent\""}}
[debug] [2026-05-25T09:22:10.177Z] [worker-us-central1-createPaymentIntent-33f00ce5-9cc1-4a6f-a0ca-fc0bf0482364]: BUSY {"metadata":{"emulator":{"name":"functions"},"function":{"name":"us-central1-createPaymentIntent"},"extension":{},"message":"[worker-us-central1-createPaymentIntent-33f00ce5-9cc1-4a6f-a0ca-fc0bf0482364]: BUSY"}}
[debug] [2026-05-25T09:22:10.180Z] Finishing up request with event=pause {"metadata":{"emulator":{"name":"functions"},"function":{"name":"us-central1-createPaymentIntent"},"extension":{},"message":"Finishing up request with event=pause"}}
[info] i  functions: Finished "us-central1-createPaymentIntent" in 3.2356ms {"metadata":{"emulator":{"name":"functions"},"function":{"name":"us-central1-createPaymentIntent"},"extension":{},"message":"Finished \"us-central1-createPaymentIntent\" in 3.2356ms"}}
[debug] [2026-05-25T09:22:10.180Z] [worker-us-central1-createPaymentIntent-33f00ce5-9cc1-4a6f-a0ca-fc0bf0482364]: IDLE {"metadata":{"emulator":{"name":"functions"},"function":{"name":"us-central1-createPaymentIntent"},"extension":{},"message":"[worker-us-central1-createPaymentIntent-33f00ce5-9cc1-4a6f-a0ca-fc0bf0482364]: IDLE"}}
[debug] [2026-05-25T09:22:10.180Z] Finishing up request with event=finish {"metadata":{"emulator":{"name":"functions"},"function":{"name":"us-central1-createPaymentIntent"},"extension":{},"message":"Finishing up request with event=finish"}}
[debug] [2026-05-25T09:22:10.180Z] Finishing up request with event=close {"metadata":{"emulator":{"name":"functions"},"function":{"name":"us-central1-createPaymentIntent"},"extension":{},"message":"Finishing up request with event=close"}}
[debug] [2026-05-25T09:22:10.180Z] [work-queue] {"queuedWork":[],"queueLength":0,"runningWork":[],"workRunningCount":0}
[debug] [2026-05-25T09:22:10.181Z] [work-queue] {"queuedWork":["/mindmend-a8839/us-central1/createPaymentIntent-2026-05-25T09:22:10.181Z"],"queueLength":1,"runningWork":[],"workRunningCount":0}
[debug] [2026-05-25T09:22:10.182Z] [work-queue] {"queuedWork":[],"queueLength":0,"runningWork":["/mindmend-a8839/us-central1/createPaymentIntent-2026-05-25T09:22:10.181Z"],"workRunningCount":1}
[debug] [2026-05-25T09:22:10.182Z] Accepted request POST /mindmend-a8839/us-central1/createPaymentIntent --> us-central1-createPaymentIntent
[debug] [2026-05-25T09:22:10.182Z] [functions] Runtime ready! Sending request! {"metadata":{"emulator":{"name":"functions"},"message":"[functions] Runtime ready! Sending request!"}}
[debug] [2026-05-25T09:22:10.182Z] [functions] Got req.url=/mindmend-a8839/us-central1/createPaymentIntent, mapping to path=/ {"metadata":{"emulator":{"name":"functions"},"message":"[functions] Got req.url=/mindmend-a8839/us-central1/createPaymentIntent, mapping to path=/"}}
[debug] [2026-05-25T09:22:10.182Z] [worker-pool] submitRequest(triggerId=us-central1-createPaymentIntent) {"metadata":{"emulator":{"name":"functions"},"message":"[worker-pool] submitRequest(triggerId=us-central1-createPaymentIntent)"}}
[info] i  functions: Beginning execution of "us-central1-createPaymentIntent" {"metadata":{"emulator":{"name":"functions"},"function":{"name":"us-central1-createPaymentIntent"},"extension":{},"message":"Beginning execution of \"us-central1-createPaymentIntent\""}}
[debug] [2026-05-25T09:22:10.182Z] [worker-us-central1-createPaymentIntent-33f00ce5-9cc1-4a6f-a0ca-fc0bf0482364]: BUSY {"metadata":{"emulator":{"name":"functions"},"function":{"name":"us-central1-createPaymentIntent"},"extension":{},"message":"[worker-us-central1-createPaymentIntent-33f00ce5-9cc1-4a6f-a0ca-fc0bf0482364]: BUSY"}}
[warn] !  functions: The Firebase Authentication emulator is not running, so calls to Firebase Authentication will affect production. {"metadata":{"emulator":{"name":"functions"},"function":{"name":"us-central1-createPaymentIntent"},"extension":{},"message":"The Firebase Authentication emulator is not running, so calls to Firebase Authentication will affect production."}}
[debug] [2026-05-25T09:22:10.820Z] Finishing up request with event=pause {"metadata":{"emulator":{"name":"functions"},"function":{"name":"us-central1-createPaymentIntent"},"extension":{},"message":"Finishing up request with event=pause"}}
[info] i  functions: Finished "us-central1-createPaymentIntent" in 637.3892ms {"metadata":{"emulator":{"name":"functions"},"function":{"name":"us-central1-createPaymentIntent"},"extension":{},"message":"Finished \"us-central1-createPaymentIntent\" in 637.3892ms"}}
[debug] [2026-05-25T09:22:10.820Z] [worker-us-central1-createPaymentIntent-33f00ce5-9cc1-4a6f-a0ca-fc0bf0482364]: IDLE {"metadata":{"emulator":{"name":"functions"},"function":{"name":"us-central1-createPaymentIntent"},"extension":{},"message":"[worker-us-central1-createPaymentIntent-33f00ce5-9cc1-4a6f-a0ca-fc0bf0482364]: IDLE"}}
[debug] [2026-05-25T09:22:10.821Z] Finishing up request with event=finish {"metadata":{"emulator":{"name":"functions"},"function":{"name":"us-central1-createPaymentIntent"},"extension":{},"message":"Finishing up request with event=finish"}}
[debug] [2026-05-25T09:22:10.821Z] Finishing up request with event=close {"metadata":{"emulator":{"name":"functions"},"function":{"name":"us-central1-createPaymentIntent"},"extension":{},"message":"Finishing up request with event=close"}}
[debug] [2026-05-25T09:22:10.821Z] [work-queue] {"queuedWork":[],"queueLength":0,"runningWork":[],"workRunningCount":0}
[debug] [2026-05-25T09:22:35.426Z] [work-queue] {"queuedWork":["/mindmend-a8839/us-central1/createPaymentIntent-2026-05-25T09:22:35.426Z"],"queueLength":1,"runningWork":[],"workRunningCount":0}
[debug] [2026-05-25T09:22:35.426Z] [work-queue] {"queuedWork":[],"queueLength":0,"runningWork":["/mindmend-a8839/us-central1/createPaymentIntent-2026-05-25T09:22:35.426Z"],"workRunningCount":1}
[debug] [2026-05-25T09:22:35.426Z] Accepted request OPTIONS /mindmend-a8839/us-central1/createPaymentIntent --> us-central1-createPaymentIntent
[debug] [2026-05-25T09:22:35.427Z] [functions] Runtime ready! Sending request! {"metadata":{"emulator":{"name":"functions"},"message":"[functions] Runtime ready! Sending request!"}}
[debug] [2026-05-25T09:22:35.427Z] [functions] Got req.url=/mindmend-a8839/us-central1/createPaymentIntent, mapping to path=/ {"metadata":{"emulator":{"name":"functions"},"message":"[functions] Got req.url=/mindmend-a8839/us-central1/createPaymentIntent, mapping to path=/"}}
[debug] [2026-05-25T09:22:35.427Z] [worker-pool] submitRequest(triggerId=us-central1-createPaymentIntent) {"metadata":{"emulator":{"name":"functions"},"message":"[worker-pool] submitRequest(triggerId=us-central1-createPaymentIntent)"}}
[info] i  functions: Beginning execution of "us-central1-createPaymentIntent" {"metadata":{"emulator":{"name":"functions"},"function":{"name":"us-central1-createPaymentIntent"},"extension":{},"message":"Beginning execution of \"us-central1-createPaymentIntent\""}}
[debug] [2026-05-25T09:22:35.428Z] [worker-us-central1-createPaymentIntent-33f00ce5-9cc1-4a6f-a0ca-fc0bf0482364]: BUSY {"metadata":{"emulator":{"name":"functions"},"function":{"name":"us-central1-createPaymentIntent"},"extension":{},"message":"[worker-us-central1-createPaymentIntent-33f00ce5-9cc1-4a6f-a0ca-fc0bf0482364]: BUSY"}}
[debug] [2026-05-25T09:22:35.430Z] Finishing up request with event=pause {"metadata":{"emulator":{"name":"functions"},"function":{"name":"us-central1-createPaymentIntent"},"extension":{},"message":"Finishing up request with event=pause"}}
[info] i  functions: Finished "us-central1-createPaymentIntent" in 2.857ms {"metadata":{"emulator":{"name":"functions"},"function":{"name":"us-central1-createPaymentIntent"},"extension":{},"message":"Finished \"us-central1-createPaymentIntent\" in 2.857ms"}}
[debug] [2026-05-25T09:22:35.431Z] [worker-us-central1-createPaymentIntent-33f00ce5-9cc1-4a6f-a0ca-fc0bf0482364]: IDLE {"metadata":{"emulator":{"name":"functions"},"function":{"name":"us-central1-createPaymentIntent"},"extension":{},"message":"[worker-us-central1-createPaymentIntent-33f00ce5-9cc1-4a6f-a0ca-fc0bf0482364]: IDLE"}}
[debug] [2026-05-25T09:22:35.431Z] Finishing up request with event=finish {"metadata":{"emulator":{"name":"functions"},"function":{"name":"us-central1-createPaymentIntent"},"extension":{},"message":"Finishing up request with event=finish"}}
[debug] [2026-05-25T09:22:35.431Z] Finishing up request with event=close {"metadata":{"emulator":{"name":"functions"},"function":{"name":"us-central1-createPaymentIntent"},"extension":{},"message":"Finishing up request with event=close"}}
[debug] [2026-05-25T09:22:35.431Z] [work-queue] {"queuedWork":[],"queueLength":0,"runningWork":[],"workRunningCount":0}
[debug] [2026-05-25T09:22:35.432Z] [work-queue] {"queuedWork":["/mindmend-a8839/us-central1/createPaymentIntent-2026-05-25T09:22:35.432Z"],"queueLength":1,"runningWork":[],"workRunningCount":0}
[debug] [2026-05-25T09:22:35.432Z] [work-queue] {"queuedWork":[],"queueLength":0,"runningWork":["/mindmend-a8839/us-central1/createPaymentIntent-2026-05-25T09:22:35.432Z"],"workRunningCount":1}
[debug] [2026-05-25T09:22:35.432Z] Accepted request POST /mindmend-a8839/us-central1/createPaymentIntent --> us-central1-createPaymentIntent
[debug] [2026-05-25T09:22:35.433Z] [functions] Runtime ready! Sending request! {"metadata":{"emulator":{"name":"functions"},"message":"[functions] Runtime ready! Sending request!"}}
[debug] [2026-05-25T09:22:35.433Z] [functions] Got req.url=/mindmend-a8839/us-central1/createPaymentIntent, mapping to path=/ {"metadata":{"emulator":{"name":"functions"},"message":"[functions] Got req.url=/mindmend-a8839/us-central1/createPaymentIntent, mapping to path=/"}}
[debug] [2026-05-25T09:22:35.433Z] [worker-pool] submitRequest(triggerId=us-central1-createPaymentIntent) {"metadata":{"emulator":{"name":"functions"},"message":"[worker-pool] submitRequest(triggerId=us-central1-createPaymentIntent)"}}
[info] i  functions: Beginning execution of "us-central1-createPaymentIntent" {"metadata":{"emulator":{"name":"functions"},"function":{"name":"us-central1-createPaymentIntent"},"extension":{},"message":"Beginning execution of \"us-central1-createPaymentIntent\""}}
[debug] [2026-05-25T09:22:35.434Z] [worker-us-central1-createPaymentIntent-33f00ce5-9cc1-4a6f-a0ca-fc0bf0482364]: BUSY {"metadata":{"emulator":{"name":"functions"},"function":{"name":"us-central1-createPaymentIntent"},"extension":{},"message":"[worker-us-central1-createPaymentIntent-33f00ce5-9cc1-4a6f-a0ca-fc0bf0482364]: BUSY"}}
[debug] [2026-05-25T09:22:35.778Z] Finishing up request with event=pause {"metadata":{"emulator":{"name":"functions"},"function":{"name":"us-central1-createPaymentIntent"},"extension":{},"message":"Finishing up request with event=pause"}}
[info] i  functions: Finished "us-central1-createPaymentIntent" in 345.0243ms {"metadata":{"emulator":{"name":"functions"},"function":{"name":"us-central1-createPaymentIntent"},"extension":{},"message":"Finished \"us-central1-createPaymentIntent\" in 345.0243ms"}}
[debug] [2026-05-25T09:22:35.779Z] [worker-us-central1-createPaymentIntent-33f00ce5-9cc1-4a6f-a0ca-fc0bf0482364]: IDLE {"metadata":{"emulator":{"name":"functions"},"function":{"name":"us-central1-createPaymentIntent"},"extension":{},"message":"[worker-us-central1-createPaymentIntent-33f00ce5-9cc1-4a6f-a0ca-fc0bf0482364]: IDLE"}}
[debug] [2026-05-25T09:22:35.779Z] Finishing up request with event=finish {"metadata":{"emulator":{"name":"functions"},"function":{"name":"us-central1-createPaymentIntent"},"extension":{},"message":"Finishing up request with event=finish"}}
[debug] [2026-05-25T09:22:35.779Z] Finishing up request with event=close {"metadata":{"emulator":{"name":"functions"},"function":{"name":"us-central1-createPaymentIntent"},"extension":{},"message":"Finishing up request with event=close"}}
[debug] [2026-05-25T09:22:35.779Z] [work-queue] {"queuedWork":[],"queueLength":0,"runningWork":[],"workRunningCount":0}
[debug] [2026-05-25T09:22:49.374Z] [work-queue] {"queuedWork":["/mindmend-a8839/us-central1/createPaymentIntent-2026-05-25T09:22:49.374Z"],"queueLength":1,"runningWork":[],"workRunningCount":0}
[debug] [2026-05-25T09:22:49.375Z] [work-queue] {"queuedWork":[],"queueLength":0,"runningWork":["/mindmend-a8839/us-central1/createPaymentIntent-2026-05-25T09:22:49.374Z"],"workRunningCount":1}
[debug] [2026-05-25T09:22:49.375Z] Accepted request OPTIONS /mindmend-a8839/us-central1/createPaymentIntent --> us-central1-createPaymentIntent
[debug] [2026-05-25T09:22:49.377Z] [functions] Runtime ready! Sending request! {"metadata":{"emulator":{"name":"functions"},"message":"[functions] Runtime ready! Sending request!"}}
[debug] [2026-05-25T09:22:49.378Z] [functions] Got req.url=/mindmend-a8839/us-central1/createPaymentIntent, mapping to path=/ {"metadata":{"emulator":{"name":"functions"},"message":"[functions] Got req.url=/mindmend-a8839/us-central1/createPaymentIntent, mapping to path=/"}}
[debug] [2026-05-25T09:22:49.378Z] [worker-pool] submitRequest(triggerId=us-central1-createPaymentIntent) {"metadata":{"emulator":{"name":"functions"},"message":"[worker-pool] submitRequest(triggerId=us-central1-createPaymentIntent)"}}
[info] i  functions: Beginning execution of "us-central1-createPaymentIntent" {"metadata":{"emulator":{"name":"functions"},"function":{"name":"us-central1-createPaymentIntent"},"extension":{},"message":"Beginning execution of \"us-central1-createPaymentIntent\""}}
[debug] [2026-05-25T09:22:49.378Z] [worker-us-central1-createPaymentIntent-33f00ce5-9cc1-4a6f-a0ca-fc0bf0482364]: BUSY {"metadata":{"emulator":{"name":"functions"},"function":{"name":"us-central1-createPaymentIntent"},"extension":{},"message":"[worker-us-central1-createPaymentIntent-33f00ce5-9cc1-4a6f-a0ca-fc0bf0482364]: BUSY"}}
[debug] [2026-05-25T09:22:49.381Z] Finishing up request with event=pause {"metadata":{"emulator":{"name":"functions"},"function":{"name":"us-central1-createPaymentIntent"},"extension":{},"message":"Finishing up request with event=pause"}}
[info] i  functions: Finished "us-central1-createPaymentIntent" in 2.4148ms {"metadata":{"emulator":{"name":"functions"},"function":{"name":"us-central1-createPaymentIntent"},"extension":{},"message":"Finished \"us-central1-createPaymentIntent\" in 2.4148ms"}}
[debug] [2026-05-25T09:22:49.381Z] [worker-us-central1-createPaymentIntent-33f00ce5-9cc1-4a6f-a0ca-fc0bf0482364]: IDLE {"metadata":{"emulator":{"name":"functions"},"function":{"name":"us-central1-createPaymentIntent"},"extension":{},"message":"[worker-us-central1-createPaymentIntent-33f00ce5-9cc1-4a6f-a0ca-fc0bf0482364]: IDLE"}}
[debug] [2026-05-25T09:22:49.381Z] Finishing up request with event=finish {"metadata":{"emulator":{"name":"functions"},"function":{"name":"us-central1-createPaymentIntent"},"extension":{},"message":"Finishing up request with event=finish"}}
[debug] [2026-05-25T09:22:49.381Z] Finishing up request with event=close {"metadata":{"emulator":{"name":"functions"},"function":{"name":"us-central1-createPaymentIntent"},"extension":{},"message":"Finishing up request with event=close"}}
[debug] [2026-05-25T09:22:49.381Z] [work-queue] {"queuedWork":[],"queueLength":0,"runningWork":[],"workRunningCount":0}
[debug] [2026-05-25T09:22:49.382Z] [work-queue] {"queuedWork":["/mindmend-a8839/us-central1/createPaymentIntent-2026-05-25T09:22:49.382Z"],"queueLength":1,"runningWork":[],"workRunningCount":0}
[debug] [2026-05-25T09:22:49.382Z] [work-queue] {"queuedWork":[],"queueLength":0,"runningWork":["/mindmend-a8839/us-central1/createPaymentIntent-2026-05-25T09:22:49.382Z"],"workRunningCount":1}
[debug] [2026-05-25T09:22:49.382Z] Accepted request POST /mindmend-a8839/us-central1/createPaymentIntent --> us-central1-createPaymentIntent
[debug] [2026-05-25T09:22:49.383Z] [functions] Runtime ready! Sending request! {"metadata":{"emulator":{"name":"functions"},"message":"[functions] Runtime ready! Sending request!"}}
[debug] [2026-05-25T09:22:49.383Z] [functions] Got req.url=/mindmend-a8839/us-central1/createPaymentIntent, mapping to path=/ {"metadata":{"emulator":{"name":"functions"},"message":"[functions] Got req.url=/mindmend-a8839/us-central1/createPaymentIntent, mapping to path=/"}}
[debug] [2026-05-25T09:22:49.383Z] [worker-pool] submitRequest(triggerId=us-central1-createPaymentIntent) {"metadata":{"emulator":{"name":"functions"},"message":"[worker-pool] submitRequest(triggerId=us-central1-createPaymentIntent)"}}
[info] i  functions: Beginning execution of "us-central1-createPaymentIntent" {"metadata":{"emulator":{"name":"functions"},"function":{"name":"us-central1-createPaymentIntent"},"extension":{},"message":"Beginning execution of \"us-central1-createPaymentIntent\""}}
[debug] [2026-05-25T09:22:49.383Z] [worker-us-central1-createPaymentIntent-33f00ce5-9cc1-4a6f-a0ca-fc0bf0482364]: BUSY {"metadata":{"emulator":{"name":"functions"},"function":{"name":"us-central1-createPaymentIntent"},"extension":{},"message":"[worker-us-central1-createPaymentIntent-33f00ce5-9cc1-4a6f-a0ca-fc0bf0482364]: BUSY"}}
[debug] [2026-05-25T09:22:49.785Z] Finishing up request with event=pause {"metadata":{"emulator":{"name":"functions"},"function":{"name":"us-central1-createPaymentIntent"},"extension":{},"message":"Finishing up request with event=pause"}}
[info] i  functions: Finished "us-central1-createPaymentIntent" in 401.7292ms {"metadata":{"emulator":{"name":"functions"},"function":{"name":"us-central1-createPaymentIntent"},"extension":{},"message":"Finished \"us-central1-createPaymentIntent\" in 401.7292ms"}}
[debug] [2026-05-25T09:22:49.786Z] [worker-us-central1-createPaymentIntent-33f00ce5-9cc1-4a6f-a0ca-fc0bf0482364]: IDLE {"metadata":{"emulator":{"name":"functions"},"function":{"name":"us-central1-createPaymentIntent"},"extension":{},"message":"[worker-us-central1-createPaymentIntent-33f00ce5-9cc1-4a6f-a0ca-fc0bf0482364]: IDLE"}}
[debug] [2026-05-25T09:22:49.786Z] Finishing up request with event=finish {"metadata":{"emulator":{"name":"functions"},"function":{"name":"us-central1-createPaymentIntent"},"extension":{},"message":"Finishing up request with event=finish"}}
[debug] [2026-05-25T09:22:49.786Z] Finishing up request with event=close {"metadata":{"emulator":{"name":"functions"},"function":{"name":"us-central1-createPaymentIntent"},"extension":{},"message":"Finishing up request with event=close"}}
[debug] [2026-05-25T09:22:49.787Z] [work-queue] {"queuedWork":[],"queueLength":0,"runningWork":[],"workRunningCount":0}
